<html>
<body>
<pre>
<h1>µVision Build Log</h1>
<h2>Tool Versions:</h2>
IDE-Version: ÂµVision V5.38.0.0
Copyright (C) 2022 ARM Ltd and ARM Germany GmbH. All rights reserved.
License Information: Nathaniel Walser
ZHAW
User-based license: Keil MDK Community (non-commercial free of charge)
Valid until: Jun 1 2033. Cached until: May 14 2024
 
Tool Versions:
Toolchain:       Keil MDK Community (non-commercial free of charge  Version: 5.38.0.0
Toolchain Path:  C:\Keil_v5\ARM\ARMCLANG\Bin
C Compiler:      ArmClang.exe V6.19
Assembler:       Armasm.exe V6.19
Linker/Locator:  ArmLink.exe V6.19
Library Manager: ArmAr.exe V6.19
Hex Converter:   FromElf.exe V6.19
CPU DLL:         SARMCM3.DLL V5.38.0.0
Dialog DLL:      DARMCM1.DLL V1.19.6.0
Target DLL:      STLink\ST-LINKIII-KEIL_SWO.dll V3.1.0.0
Dialog DLL:      TARMCM1.DLL V1.14.6.0
 
<h2>Project:</h2>
C:\Users\NathanielWalser\Documents\Repositories\systems-engineering-ct2\week13_FSM_Lift\project\Lab.uvprojx
Project File Date:  05/13/2024

<h2>Output:</h2>
*** Using Compiler 'V6.19', folder: 'C:\Keil_v5\ARM\ARMCLANG\Bin'
Rebuild target 'Target 1'
compiling action_handler.c...
assembling startup_ctboard.s...
compiling state_machine.c...
compiling main.c...
compiling timer.c...
assembling datainit_ctboard.s...
compiling event_handler.c...
compiling hal_ct_lcd.c...
compiling hal_fmc.c...
compiling system_ctboard.c...
compiling hal_pwr.c...
compiling hal_gpio.c...
compiling hal_rcc.c...
compiling hal_timer.c...
linking...
Program Size: Code=14224 RO-data=1960 RW-data=28 ZI-data=8256  
".\build\Lab.axf" - 0 Error(s), 0 Warning(s).

<h2>Software Packages used:</h2>

Package Vendor: InES
                https://ennis.zhaw.ch/pack/InES.CTBoard14_DFP.4.0.4.pack
                InES.CTBoard14_DFP.4.0.4
                CT Board 14 (STM32F429ZI) Device Support
   * Component: Startup Version: 4.0.4
   * Component: LCD Version: 3.0.3
   * Component: FMC Version: 4.0.4
   * Component: GPIO Version: 4.0.4
   * Component: PWR Version: 4.0.4
   * Component: RCC Version: 4.0.4
   * Component: TIMER Version: 4.0.4

<h2>Collection of Component include folders:</h2>
  ./RTE/_Target_1
  C:/Users/NathanielWalser/AppData/Local/Arm/Packs/InES/CTBoard14_DFP/4.0.4/Device/Include
  C:/Users/NathanielWalser/AppData/Local/Arm/Packs/InES/CTBoard14_DFP/4.0.4/Device/Include/m0
  C:/Users/NathanielWalser/AppData/Local/Arm/Packs/InES/CTBoard14_DFP/4.0.4/HAL/Include

<h2>Collection of Component Files used:</h2>

   * Component: InES::Device:Startup:4.0.4
      Include file:  Device/Include/reg_ctboard.h
      Source file:   Device/Source/datainit_ctboard.s
      Source file:   Device/Source/system_ctboard.c
      Include file:  Device/Include/reg_stm32f4xx.h
      Include file:  Device/Include/system_ctboard.h
      Source file:   Device/Source/startup_ctboard.s
      Include file:  Device/Include/m0/platform_ctboard.h

   * Component: InES::HAL:CT Board:LCD:3.0.3
      Include file:  HAL/Include/hal_ct_lcd.h
      Include file:  Device/Include/reg_ctboard.h
      Source file:   HAL/Source/hal_ct_lcd.c

   * Component: InES::HAL:FMC:4.0.4
      Include file:  HAL/Include/hal_common.h
      Include file:  Device/Include/reg_stm32f4xx.h
      Include file:  HAL/Include/hal_fmc.h
      Source file:   HAL/Source/hal_fmc.c

   * Component: InES::HAL:GPIO:4.0.4
      Include file:  Device/Include/reg_stm32f4xx.h
      Include file:  HAL/Include/hal_gpio.h
      Include file:  HAL/Include/hal_common.h
      Source file:   HAL/Source/hal_gpio.c

   * Component: InES::HAL:PWR:4.0.4
      Include file:  HAL/Include/hal_pwr.h
      Source file:   HAL/Source/hal_pwr.c
      Include file:  Device/Include/reg_stm32f4xx.h
      Include file:  HAL/Include/hal_common.h

   * Component: InES::HAL:RCC:4.0.4
      Include file:  Device/Include/reg_stm32f4xx.h
      Source file:   HAL/Source/hal_rcc.c
      Include file:  HAL/Include/hal_common.h
      Include file:  HAL/Include/hal_rcc.h

   * Component: InES::HAL:TIMER:4.0.4
      Source file:   HAL/Source/hal_timer.c
      Include file:  Device/Include/reg_stm32f4xx.h
      Include file:  HAL/Include/hal_timer.h
      Include file:  HAL/Include/hal_common.h
Build Time Elapsed:  00:00:01
</pre>
</body>
</html>
