<html>
<body>
<pre>
<h1>µVision Build Log</h1>
<h2>Tool Versions:</h2>
IDE-Version: ÂµVision V5.38.0.0
Copyright (C) 2022 ARM Ltd and ARM Germany GmbH. All rights reserved.
License Information: Nathaniel Walser
ZHAW
User-based license: Keil MDK Community (non-commercial free of charge)
Valid until: Jun 1 2033. Cached until: Mar 25 2024
 
Tool Versions:
Toolchain:       Keil MDK Community (non-commercial free of charge  Version: 5.38.0.0
Toolchain Path:  C:\Keil_v5\ARM\ARMCLANG\Bin
C Compiler:      ArmClang.exe V6.19
Assembler:       Armasm.exe V6.19
Linker/Locator:  ArmLink.exe V6.19
Library Manager: ArmAr.exe V6.19
Hex Converter:   FromElf.exe V6.19
CPU DLL:         SARMCM3.DLL V5.38.0.0
Dialog DLL:      DARMCM1.DLL V1.19.6.0
Target DLL:      STLink\ST-LINKIII-KEIL_SWO.dll V3.1.0.0
Dialog DLL:      TARMCM1.DLL V1.14.6.0
 
<h2>Project:</h2>
C:\Users\NathanielWalser\Documents\Repositories\systems-engineering-ct2\week5_lab_spi_2\project\spi_display.uvprojx
Project File Date:  03/25/2024

<h2>Output:</h2>
*** Using Compiler 'V6.19', folder: 'C:\Keil_v5\ARM\ARMCLANG\Bin'
Rebuild target 'SPI-Display'
compiling hal_sbuf.c...
compiling hal_mocked.c...
compiling hal_spi.c...
compiling main.c...
compiling lcd_io.c...
compiling cmd_touch.c...
compiling cmd_lcd.c...
assembling datainit_ctboard.s...
assembling startup_ctboard.s...
compiling hal_pwr.c...
compiling hal_rcc.c...
compiling hal_fmc.c...
compiling system_ctboard.c...
compiling hal_gpio.c...
linking...
Program Size: Code=9920 RO-data=984 RW-data=0 ZI-data=8192  
".\build\spi_display.axf" - 0 Error(s), 0 Warning(s).

<h2>Software Packages used:</h2>

Package Vendor: InES
                https://ennis.zhaw.ch/pack/InES.CTBoard14_DFP.4.0.4.pack
                InES.CTBoard14_DFP.4.0.4
                CT Board 14 (STM32F429ZI) Device Support
   * Component: Startup Version: 4.0.4
   * Component: FMC Version: 4.0.4
   * Component: GPIO Version: 4.0.4
   * Component: PWR Version: 4.0.4
   * Component: RCC Version: 4.0.4

<h2>Collection of Component include folders:</h2>
  ./RTE/_SPI-Display
  C:/Users/NathanielWalser/AppData/Local/Arm/Packs/InES/CTBoard14_DFP/4.0.4/Device/Include
  C:/Users/NathanielWalser/AppData/Local/Arm/Packs/InES/CTBoard14_DFP/4.0.4/Device/Include/m0
  C:/Users/NathanielWalser/AppData/Local/Arm/Packs/InES/CTBoard14_DFP/4.0.4/HAL/Include

<h2>Collection of Component Files used:</h2>

   * Component: InES::Device:Startup:4.0.4
      Include file:  Device/Include/reg_ctboard.h
      Include file:  Device/Include/m0/platform_ctboard.h
      Include file:  Device/Include/system_ctboard.h
      Source file:   Device/Source/startup_ctboard.s
      Include file:  Device/Include/reg_stm32f4xx.h
      Source file:   Device/Source/datainit_ctboard.s
      Source file:   Device/Source/system_ctboard.c

   * Component: InES::HAL:FMC:4.0.4
      Include file:  Device/Include/reg_stm32f4xx.h
      Include file:  HAL/Include/hal_fmc.h
      Include file:  HAL/Include/hal_common.h
      Source file:   HAL/Source/hal_fmc.c

   * Component: InES::HAL:GPIO:4.0.4
      Include file:  Device/Include/reg_stm32f4xx.h
      Source file:   HAL/Source/hal_gpio.c
      Include file:  HAL/Include/hal_common.h
      Include file:  HAL/Include/hal_gpio.h

   * Component: InES::HAL:PWR:4.0.4
      Source file:   HAL/Source/hal_pwr.c
      Include file:  HAL/Include/hal_pwr.h
      Include file:  HAL/Include/hal_common.h
      Include file:  Device/Include/reg_stm32f4xx.h

   * Component: InES::HAL:RCC:4.0.4
      Include file:  Device/Include/reg_stm32f4xx.h
      Include file:  HAL/Include/hal_common.h
      Include file:  HAL/Include/hal_rcc.h
      Source file:   HAL/Source/hal_rcc.c
Build Time Elapsed:  00:00:02
</pre>
</body>
</html>
